{"timestamp":"2026-08-31T00:00:05.683011","level":"info","event":"DAG bundles loaded: dags-folder","logger":"airflow.dag_processing.bundles.manager.DagBundlesManager"}
{"timestamp":"2026-08-31T00:00:05.684046","level":"info","event":"Filling up the DagBag from /opt/airflow/dags/batch.py","logger":"airflow.models.dagbag.DagBag"}
{"timestamp":"2026-08-31T00:00:05.745522","level":"info","event":"Tmp dir root location: /tmp","logger":"airflow.task.hooks.airflow.providers.standard.hooks.subprocess.SubprocessHook"}
{"timestamp":"2026-08-31T00:00:05.747244","level":"info","event":"Running command: ['/usr/bin/bash', '-c', '/opt/airflow/dbt_venv/bin/dbt run --project-dir /opt/airflow/dbt --profiles-dir /opt/airflow/dbt']","logger":"airflow.task.hooks.airflow.providers.standard.hooks.subprocess.SubprocessHook"}
{"timestamp":"2026-08-31T00:00:05.758828","level":"info","event":"Output:","logger":"airflow.task.hooks.airflow.providers.standard.hooks.subprocess.SubprocessHook"}
{"timestamp":"2026-08-31T00:00:09.433159","level":"info","event":"\u001b[0m00:00:09  Running with dbt=1.12.3","logger":"airflow.task.hooks.airflow.providers.standard.hooks.subprocess.SubprocessHook"}
{"timestamp":"2026-08-31T00:00:10.214468","level":"info","event":"\u001b[0m00:00:10  Registered adapter: snowflake=1.8.4","logger":"airflow.task.hooks.airflow.providers.standard.hooks.subprocess.SubprocessHook"}
{"timestamp":"2026-08-31T00:00:10.618610","level":"info","event":"\u001b[0m00:00:10  [\u001b[33mWARNING\u001b[0m]: Configuration paths exist in your dbt_project.yml file which do not apply to any resources.","logger":"airflow.task.hooks.airflow.providers.standard.hooks.subprocess.SubprocessHook"}
{"timestamp":"2026-08-31T00:00:10.618788","level":"info","event":"There are 1 unused configuration paths:","logger":"airflow.task.hooks.airflow.providers.standard.hooks.subprocess.SubprocessHook"}
{"timestamp":"2026-08-31T00:00:10.618865","level":"info","event":"- models.Automated_NLP_News_Verification_Pipeline.example","logger":"airflow.task.hooks.airflow.providers.standard.hooks.subprocess.SubprocessHook"}
{"timestamp":"2026-08-31T00:00:10.841048","level":"info","event":"\u001b[0m00:00:10  Found 1 model, 1 source, 505 macros","logger":"airflow.task.hooks.airflow.providers.standard.hooks.subprocess.SubprocessHook"}
{"timestamp":"2026-08-31T00:00:10.845680","level":"info","event":"\u001b[0m00:00:10","logger":"airflow.task.hooks.airflow.providers.standard.hooks.subprocess.SubprocessHook"}
{"timestamp":"2026-08-31T00:00:10.847303","level":"info","event":"\u001b[0m00:00:10  Concurrency: 1 threads (target='dev')","logger":"airflow.task.hooks.airflow.providers.standard.hooks.subprocess.SubprocessHook"}
{"timestamp":"2026-08-31T00:00:10.847970","level":"info","event":"\u001b[0m00:00:10","logger":"airflow.task.hooks.airflow.providers.standard.hooks.subprocess.SubprocessHook"}
{"timestamp":"2026-08-31T00:00:15.093560","level":"info","event":"\u001b[0m00:00:15  1 of 1 START sql table model RAW.stg_news_articles ............................. [RUN]","logger":"airflow.task.hooks.airflow.providers.standard.hooks.subprocess.SubprocessHook"}
{"timestamp":"2026-08-31T00:00:19.365361","level":"info","event":"\u001b[0m00:00:19  1 of 1 OK created sql table model RAW.stg_news_articles ........................ [\u001b[32mSUCCESS 1\u001b[0m in 4.27s]","logger":"airflow.task.hooks.airflow.providers.standard.hooks.subprocess.SubprocessHook"}
{"timestamp":"2026-08-31T00:00:19.370601","level":"info","event":"\u001b[0m00:00:19","logger":"airflow.task.hooks.airflow.providers.standard.hooks.subprocess.SubprocessHook"}
{"timestamp":"2026-08-31T00:00:19.371427","level":"info","event":"\u001b[0m00:00:19  Finished running 1 table model in 0 hours 0 minutes and 8.52 seconds (8.52s).","logger":"airflow.task.hooks.airflow.providers.standard.hooks.subprocess.SubprocessHook"}
{"timestamp":"2026-08-31T00:00:19.457515","level":"info","event":"\u001b[0m00:00:19","logger":"airflow.task.hooks.airflow.providers.standard.hooks.subprocess.SubprocessHook"}
{"timestamp":"2026-08-31T00:00:19.458184","level":"info","event":"\u001b[0m00:00:19  \u001b[32mCompleted successfully\u001b[0m","logger":"airflow.task.hooks.airflow.providers.standard.hooks.subprocess.SubprocessHook"}
{"timestamp":"2026-08-31T00:00:19.458816","level":"info","event":"\u001b[0m00:00:19","logger":"airflow.task.hooks.airflow.providers.standard.hooks.subprocess.SubprocessHook"}
{"timestamp":"2026-08-31T00:00:19.459492","level":"info","event":"\u001b[0m00:00:19  Done. PASS=1 WARN=0 ERROR=0 SKIP=0 NO-OP=0 REUSED=0 TOTAL=1","logger":"airflow.task.hooks.airflow.providers.standard.hooks.subprocess.SubprocessHook"}
{"timestamp":"2026-08-31T00:00:20.104661","level":"info","event":"Command exited with return code 0","logger":"airflow.task.hooks.airflow.providers.standard.hooks.subprocess.SubprocessHook"}
{"timestamp":"2026-08-31T00:00:20.105526","level":"info","event":"Pushing xcom","ti":"RuntimeTaskInstance(id=UUID('01a0551d-a17a-7303-8e18-b463a850f2ec'), task_id='dbt_run', dag_id='fake_news_etl_pipeline', run_id='scheduled__2026-08-31T00:00:00+00:00', try_number=1, map_index=-1, hostname='0005486c4d5f', context_carrier=None, task=<Task(BashOperator): dbt_run>, bundle_instance=LocalDagBundle(name=dags-folder), max_tries=0, start_date=datetime.datetime(2026, 8, 31, 0, 0, 5, 564179, tzinfo=datetime.timezone.utc), end_date=None, state=<TaskInstanceState.RUNNING: 'running'>, is_mapped=False, rendered_map_index=None, log_url='http://localhost:8080/dags/fake_news_etl_pipeline/runs/scheduled__2026-08-31T00%3A00%3A00%2B00%3A00/tasks/dbt_run?try_number=1')","logger":"task"}
