{"timestamp":"2026-08-25T20:25:12.028689","level":"info","event":"DAG bundles loaded: dags-folder","logger":"airflow.dag_processing.bundles.manager.DagBundlesManager"}
{"timestamp":"2026-08-25T20:25:12.030285","level":"info","event":"Filling up the DagBag from /opt/airflow/dags/batch.py","logger":"airflow.models.dagbag.DagBag"}
{"timestamp":"2026-08-25T20:25:12.781959","level":"info","event":"Tmp dir root location: /tmp","logger":"airflow.task.hooks.airflow.providers.standard.hooks.subprocess.SubprocessHook"}
{"timestamp":"2026-08-25T20:25:12.783325","level":"info","event":"Running command: ['/usr/bin/bash', '-c', '/opt/airflow/dbt_venv/bin/dbt run --project-dir /opt/airflow/dbt --profiles-dir /opt/airflow/dbt/profiles']","logger":"airflow.task.hooks.airflow.providers.standard.hooks.subprocess.SubprocessHook"}
{"timestamp":"2026-08-25T20:25:12.798030","level":"info","event":"Output:","logger":"airflow.task.hooks.airflow.providers.standard.hooks.subprocess.SubprocessHook"}
{"timestamp":"2026-08-25T20:25:16.874801","level":"info","event":"\u001b[0m20:25:16  Running with dbt=1.12.3","logger":"airflow.task.hooks.airflow.providers.standard.hooks.subprocess.SubprocessHook"}
{"timestamp":"2026-08-25T20:25:18.650687","level":"info","event":"\u001b[0m20:25:18  Registered adapter: snowflake=1.8.4","logger":"airflow.task.hooks.airflow.providers.standard.hooks.subprocess.SubprocessHook"}
{"timestamp":"2026-08-25T20:25:19.053102","level":"info","event":"\u001b[0m20:25:19  Unable to do partial parsing because profile has changed","logger":"airflow.task.hooks.airflow.providers.standard.hooks.subprocess.SubprocessHook"}
{"timestamp":"2026-08-25T20:25:21.228720","level":"info","event":"\u001b[0m20:25:21  [\u001b[33mWARNING\u001b[0m]: Configuration paths exist in your dbt_project.yml file which do not apply to any resources.","logger":"airflow.task.hooks.airflow.providers.standard.hooks.subprocess.SubprocessHook"}
{"timestamp":"2026-08-25T20:25:21.228896","level":"info","event":"There are 1 unused configuration paths:","logger":"airflow.task.hooks.airflow.providers.standard.hooks.subprocess.SubprocessHook"}
{"timestamp":"2026-08-25T20:25:21.229116","level":"info","event":"- models.Automated_NLP_News_Verification_Pipeline.example","logger":"airflow.task.hooks.airflow.providers.standard.hooks.subprocess.SubprocessHook"}
{"timestamp":"2026-08-25T20:25:21.488002","level":"info","event":"\u001b[0m20:25:21  Found 1 model, 1 source, 505 macros","logger":"airflow.task.hooks.airflow.providers.standard.hooks.subprocess.SubprocessHook"}
{"timestamp":"2026-08-25T20:25:21.491063","level":"info","event":"\u001b[0m20:25:21","logger":"airflow.task.hooks.airflow.providers.standard.hooks.subprocess.SubprocessHook"}
{"timestamp":"2026-08-25T20:25:21.491703","level":"info","event":"\u001b[0m20:25:21  Concurrency: 1 threads (target='dev')","logger":"airflow.task.hooks.airflow.providers.standard.hooks.subprocess.SubprocessHook"}
{"timestamp":"2026-08-25T20:25:21.492255","level":"info","event":"\u001b[0m20:25:21","logger":"airflow.task.hooks.airflow.providers.standard.hooks.subprocess.SubprocessHook"}
{"timestamp":"2026-08-25T20:25:22.608054","level":"info","event":"WARNING:snowflake.connector.vendored.urllib3.connectionpool:Retrying (Retry(total=0, connect=None, read=None, redirect=None, status=None)) after connection broken by 'NameResolutionError(\"<snowflake.connector.vendored.urllib3.connection.HTTPSConnection object at 0x74f406568080>: Failed to resolve '$%7bsnowflake_account%7d.snowflakecomputing.com' ([Errno -2] Name or service not known)\")': /session/v1/login-request?request_id=6df58018-da0a-49f1-96a1-efc543c6e865&databaseName=FAKE_NEWS_DB&schemaName=RAW&warehouse=FAKE_NEWS_WH&roleName=DBT_DEV_ROLE&request_guid=76a8985d-20c7-4339-b31c-0c91395d7041","logger":"airflow.task.hooks.airflow.providers.standard.hooks.subprocess.SubprocessHook"}
{"timestamp":"2026-08-25T20:25:23.887618","level":"info","event":"WARNING:snowflake.connector.vendored.urllib3.connectionpool:Retrying (Retry(total=0, connect=None, read=None, redirect=None, status=None)) after connection broken by 'NameResolutionError(\"<snowflake.connector.vendored.urllib3.connection.HTTPSConnection object at 0x74f406864ce0>: Failed to resolve '$%7bsnowflake_account%7d.snowflakecomputing.com' ([Errno -2] Name or service not known)\")': /session/v1/login-request?request_id=dddb1d76-12a4-4d91-b99c-1d9a362ac325&databaseName=FAKE_NEWS_DB&schemaName=RAW&warehouse=FAKE_NEWS_WH&roleName=DBT_DEV_ROLE&request_guid=a1e027e3-17f6-42f3-91eb-4aa9b8799630","logger":"airflow.task.hooks.airflow.providers.standard.hooks.subprocess.SubprocessHook"}
{"timestamp":"2026-08-25T20:25:23.905626","level":"info","event":"\u001b[0m20:25:23","logger":"airflow.task.hooks.airflow.providers.standard.hooks.subprocess.SubprocessHook"}
{"timestamp":"2026-08-25T20:25:23.907146","level":"info","event":"\u001b[0m20:25:23  Finished running  in 0 hours 0 minutes and 2.41 seconds (2.41s).","logger":"airflow.task.hooks.airflow.providers.standard.hooks.subprocess.SubprocessHook"}
{"timestamp":"2026-08-25T20:25:23.908504","level":"info","event":"\u001b[0m20:25:23  [\u001b[31mERROR\u001b[0m]: Encountered an error:","logger":"airflow.task.hooks.airflow.providers.standard.hooks.subprocess.SubprocessHook"}
{"timestamp":"2026-08-25T20:25:23.909921","level":"info","event":"Runtime Error","logger":"airflow.task.hooks.airflow.providers.standard.hooks.subprocess.SubprocessHook"}
{"timestamp":"2026-08-25T20:25:23.910156","level":"info","event":"  Database error while listing schemas in database \"FAKE_NEWS_DB\"","logger":"airflow.task.hooks.airflow.providers.standard.hooks.subprocess.SubprocessHook"}
{"timestamp":"2026-08-25T20:25:23.910463","level":"info","event":"  Database Error","logger":"airflow.task.hooks.airflow.providers.standard.hooks.subprocess.SubprocessHook"}
{"timestamp":"2026-08-25T20:25:23.910686","level":"info","event":"    250001: Could not connect to Snowflake backend after 2 attempt(s).Aborting","logger":"airflow.task.hooks.airflow.providers.standard.hooks.subprocess.SubprocessHook"}
{"timestamp":"2026-08-25T20:25:24.774258","level":"info","event":"Command exited with return code 2","logger":"airflow.task.hooks.airflow.providers.standard.hooks.subprocess.SubprocessHook"}
{"timestamp":"2026-08-25T20:25:24.774855","level":"error","event":"Task failed with exception","logger":"task","error_detail":[{"exc_type":"AirflowException","exc_value":"Bash command failed. The command returned a non-zero exit code 2.","exc_notes":[],"syntax_error":null,"is_cause":false,"frames":[{"filename":"/home/airflow/.local/lib/python3.12/site-packages/airflow/sdk/execution_time/task_runner.py","lineno":877,"name":"run"},{"filename":"/home/airflow/.local/lib/python3.12/site-packages/airflow/sdk/execution_time/task_runner.py","lineno":1164,"name":"_execute_task"},{"filename":"/home/airflow/.local/lib/python3.12/site-packages/airflow/sdk/bases/operator.py","lineno":397,"name":"wrapper"},{"filename":"/home/airflow/.local/lib/python3.12/site-packages/airflow/providers/standard/operators/bash.py","lineno":232,"name":"execute"}],"is_group":false,"exceptions":[]}]}
