{"timestamp":"2026-08-30T22:54:38.216504","level":"info","event":"DAG bundles loaded: dags-folder","logger":"airflow.dag_processing.bundles.manager.DagBundlesManager"}
{"timestamp":"2026-08-30T22:54:38.217181","level":"info","event":"Filling up the DagBag from /opt/airflow/dags/batch.py","logger":"airflow.models.dagbag.DagBag"}
{"timestamp":"2026-08-30T22:54:38.265421","level":"info","event":"Tmp dir root location: /tmp","logger":"airflow.task.hooks.airflow.providers.standard.hooks.subprocess.SubprocessHook"}
{"timestamp":"2026-08-30T22:54:38.266490","level":"info","event":"Running command: ['/usr/bin/bash', '-c', '/opt/airflow/dbt_venv/bin/dbt run --project-dir /opt/airflow/dbt --profiles-dir /opt/airflow/dbt']","logger":"airflow.task.hooks.airflow.providers.standard.hooks.subprocess.SubprocessHook"}
{"timestamp":"2026-08-30T22:54:38.280158","level":"info","event":"Output:","logger":"airflow.task.hooks.airflow.providers.standard.hooks.subprocess.SubprocessHook"}
{"timestamp":"2026-08-30T22:54:41.874422","level":"info","event":"\u001b[0m22:54:41  Running with dbt=1.12.3","logger":"airflow.task.hooks.airflow.providers.standard.hooks.subprocess.SubprocessHook"}
{"timestamp":"2026-08-30T22:54:42.637618","level":"info","event":"\u001b[0m22:54:42  Registered adapter: snowflake=1.8.4","logger":"airflow.task.hooks.airflow.providers.standard.hooks.subprocess.SubprocessHook"}
{"timestamp":"2026-08-30T22:54:42.998891","level":"info","event":"\u001b[0m22:54:42  [\u001b[33mWARNING\u001b[0m]: Configuration paths exist in your dbt_project.yml file which do not apply to any resources.","logger":"airflow.task.hooks.airflow.providers.standard.hooks.subprocess.SubprocessHook"}
{"timestamp":"2026-08-30T22:54:42.999046","level":"info","event":"There are 1 unused configuration paths:","logger":"airflow.task.hooks.airflow.providers.standard.hooks.subprocess.SubprocessHook"}
{"timestamp":"2026-08-30T22:54:42.999116","level":"info","event":"- models.Automated_NLP_News_Verification_Pipeline.example","logger":"airflow.task.hooks.airflow.providers.standard.hooks.subprocess.SubprocessHook"}
{"timestamp":"2026-08-30T22:54:43.213358","level":"info","event":"\u001b[0m22:54:43  Found 1 model, 1 source, 505 macros","logger":"airflow.task.hooks.airflow.providers.standard.hooks.subprocess.SubprocessHook"}
{"timestamp":"2026-08-30T22:54:43.216193","level":"info","event":"\u001b[0m22:54:43","logger":"airflow.task.hooks.airflow.providers.standard.hooks.subprocess.SubprocessHook"}
{"timestamp":"2026-08-30T22:54:43.216884","level":"info","event":"\u001b[0m22:54:43  Concurrency: 1 threads (target='dev')","logger":"airflow.task.hooks.airflow.providers.standard.hooks.subprocess.SubprocessHook"}
{"timestamp":"2026-08-30T22:54:43.217491","level":"info","event":"\u001b[0m22:54:43","logger":"airflow.task.hooks.airflow.providers.standard.hooks.subprocess.SubprocessHook"}
{"timestamp":"2026-08-30T22:54:45.598521","level":"info","event":"\u001b[0m22:54:45  1 of 1 START sql table model RAW.stg_news_articles ............................. [RUN]","logger":"airflow.task.hooks.airflow.providers.standard.hooks.subprocess.SubprocessHook"}
{"timestamp":"2026-08-30T22:54:48.215218","level":"info","event":"\u001b[0m22:54:48  1 of 1 OK created sql table model RAW.stg_news_articles ........................ [\u001b[32mSUCCESS 1\u001b[0m in 2.61s]","logger":"airflow.task.hooks.airflow.providers.standard.hooks.subprocess.SubprocessHook"}
{"timestamp":"2026-08-30T22:54:48.219864","level":"info","event":"\u001b[0m22:54:48","logger":"airflow.task.hooks.airflow.providers.standard.hooks.subprocess.SubprocessHook"}
{"timestamp":"2026-08-30T22:54:48.220491","level":"info","event":"\u001b[0m22:54:48  Finished running 1 table model in 0 hours 0 minutes and 5.00 seconds (5.00s).","logger":"airflow.task.hooks.airflow.providers.standard.hooks.subprocess.SubprocessHook"}
{"timestamp":"2026-08-30T22:54:48.325566","level":"info","event":"\u001b[0m22:54:48","logger":"airflow.task.hooks.airflow.providers.standard.hooks.subprocess.SubprocessHook"}
{"timestamp":"2026-08-30T22:54:48.326165","level":"info","event":"\u001b[0m22:54:48  \u001b[32mCompleted successfully\u001b[0m","logger":"airflow.task.hooks.airflow.providers.standard.hooks.subprocess.SubprocessHook"}
{"timestamp":"2026-08-30T22:54:48.326765","level":"info","event":"\u001b[0m22:54:48","logger":"airflow.task.hooks.airflow.providers.standard.hooks.subprocess.SubprocessHook"}
{"timestamp":"2026-08-30T22:54:48.327445","level":"info","event":"\u001b[0m22:54:48  Done. PASS=1 WARN=0 ERROR=0 SKIP=0 NO-OP=0 REUSED=0 TOTAL=1","logger":"airflow.task.hooks.airflow.providers.standard.hooks.subprocess.SubprocessHook"}
{"timestamp":"2026-08-30T22:54:49.078034","level":"info","event":"Command exited with return code 0","logger":"airflow.task.hooks.airflow.providers.standard.hooks.subprocess.SubprocessHook"}
{"timestamp":"2026-08-30T22:54:49.079262","level":"info","event":"Pushing xcom","ti":"RuntimeTaskInstance(id=UUID('01a054e1-b22b-7056-bf03-531c56b5d95f'), task_id='dbt_run', dag_id='fake_news_etl_pipeline', run_id='manual__2026-08-30T22:54:32.460355+00:00', try_number=1, map_index=-1, hostname='0005486c4d5f', context_carrier=None, task=<Task(BashOperator): dbt_run>, bundle_instance=LocalDagBundle(name=dags-folder), max_tries=0, start_date=datetime.datetime(2026, 8, 30, 22, 54, 38, 152576, tzinfo=datetime.timezone.utc), end_date=None, state=<TaskInstanceState.RUNNING: 'running'>, is_mapped=False, rendered_map_index=None, log_url='http://localhost:8080/dags/fake_news_etl_pipeline/runs/manual__2026-08-30T22%3A54%3A32.460355%2B00%3A00/tasks/dbt_run?try_number=1')","logger":"task"}
