{"timestamp":"2026-08-30T22:52:55.402326","level":"info","event":"DAG bundles loaded: dags-folder","logger":"airflow.dag_processing.bundles.manager.DagBundlesManager"}
{"timestamp":"2026-08-30T22:52:55.403250","level":"info","event":"Filling up the DagBag from /opt/airflow/dags/batch.py","logger":"airflow.models.dagbag.DagBag"}
{"timestamp":"2026-08-30T22:52:55.848400","level":"info","event":"Tmp dir root location: /tmp","logger":"airflow.task.hooks.airflow.providers.standard.hooks.subprocess.SubprocessHook"}
{"timestamp":"2026-08-30T22:52:55.849752","level":"info","event":"Running command: ['/usr/bin/bash', '-c', '/opt/airflow/dbt_venv/bin/dbt run --project-dir /opt/airflow/dbt --profiles-dir /opt/airflow/dbt']","logger":"airflow.task.hooks.airflow.providers.standard.hooks.subprocess.SubprocessHook"}
{"timestamp":"2026-08-30T22:52:55.861580","level":"info","event":"Output:","logger":"airflow.task.hooks.airflow.providers.standard.hooks.subprocess.SubprocessHook"}
{"timestamp":"2026-08-30T22:52:59.685485","level":"info","event":"\u001b[0m22:52:59  Running with dbt=1.12.3","logger":"airflow.task.hooks.airflow.providers.standard.hooks.subprocess.SubprocessHook"}
{"timestamp":"2026-08-30T22:53:01.394754","level":"info","event":"\u001b[0m22:53:01  Registered adapter: snowflake=1.8.4","logger":"airflow.task.hooks.airflow.providers.standard.hooks.subprocess.SubprocessHook"}
{"timestamp":"2026-08-30T22:53:01.938490","level":"info","event":"\u001b[0m22:53:01  [\u001b[33mWARNING\u001b[0m]: Configuration paths exist in your dbt_project.yml file which do not apply to any resources.","logger":"airflow.task.hooks.airflow.providers.standard.hooks.subprocess.SubprocessHook"}
{"timestamp":"2026-08-30T22:53:01.938730","level":"info","event":"There are 1 unused configuration paths:","logger":"airflow.task.hooks.airflow.providers.standard.hooks.subprocess.SubprocessHook"}
{"timestamp":"2026-08-30T22:53:01.938833","level":"info","event":"- models.Automated_NLP_News_Verification_Pipeline.example","logger":"airflow.task.hooks.airflow.providers.standard.hooks.subprocess.SubprocessHook"}
{"timestamp":"2026-08-30T22:53:02.251338","level":"info","event":"\u001b[0m22:53:02  Found 1 model, 1 source, 505 macros","logger":"airflow.task.hooks.airflow.providers.standard.hooks.subprocess.SubprocessHook"}
{"timestamp":"2026-08-30T22:53:02.255544","level":"info","event":"\u001b[0m22:53:02","logger":"airflow.task.hooks.airflow.providers.standard.hooks.subprocess.SubprocessHook"}
{"timestamp":"2026-08-30T22:53:02.256862","level":"info","event":"\u001b[0m22:53:02  Concurrency: 1 threads (target='dev')","logger":"airflow.task.hooks.airflow.providers.standard.hooks.subprocess.SubprocessHook"}
{"timestamp":"2026-08-30T22:53:02.257938","level":"info","event":"\u001b[0m22:53:02","logger":"airflow.task.hooks.airflow.providers.standard.hooks.subprocess.SubprocessHook"}
{"timestamp":"2026-08-30T22:53:05.675992","level":"info","event":"\u001b[0m22:53:05  1 of 1 START sql table model RAW.stg_news_articles ............................. [RUN]","logger":"airflow.task.hooks.airflow.providers.standard.hooks.subprocess.SubprocessHook"}
{"timestamp":"2026-08-30T22:53:08.816151","level":"info","event":"\u001b[0m22:53:08  1 of 1 OK created sql table model RAW.stg_news_articles ........................ [\u001b[32mSUCCESS 1\u001b[0m in 3.13s]","logger":"airflow.task.hooks.airflow.providers.standard.hooks.subprocess.SubprocessHook"}
{"timestamp":"2026-08-30T22:53:08.821505","level":"info","event":"\u001b[0m22:53:08","logger":"airflow.task.hooks.airflow.providers.standard.hooks.subprocess.SubprocessHook"}
{"timestamp":"2026-08-30T22:53:08.822368","level":"info","event":"\u001b[0m22:53:08  Finished running 1 table model in 0 hours 0 minutes and 6.56 seconds (6.56s).","logger":"airflow.task.hooks.airflow.providers.standard.hooks.subprocess.SubprocessHook"}
{"timestamp":"2026-08-30T22:53:08.936527","level":"info","event":"\u001b[0m22:53:08","logger":"airflow.task.hooks.airflow.providers.standard.hooks.subprocess.SubprocessHook"}
{"timestamp":"2026-08-30T22:53:08.937642","level":"info","event":"\u001b[0m22:53:08  \u001b[32mCompleted successfully\u001b[0m","logger":"airflow.task.hooks.airflow.providers.standard.hooks.subprocess.SubprocessHook"}
{"timestamp":"2026-08-30T22:53:08.938370","level":"info","event":"\u001b[0m22:53:08","logger":"airflow.task.hooks.airflow.providers.standard.hooks.subprocess.SubprocessHook"}
{"timestamp":"2026-08-30T22:53:08.939141","level":"info","event":"\u001b[0m22:53:08  Done. PASS=1 WARN=0 ERROR=0 SKIP=0 NO-OP=0 REUSED=0 TOTAL=1","logger":"airflow.task.hooks.airflow.providers.standard.hooks.subprocess.SubprocessHook"}
{"timestamp":"2026-08-30T22:53:09.693550","level":"info","event":"Command exited with return code 0","logger":"airflow.task.hooks.airflow.providers.standard.hooks.subprocess.SubprocessHook"}
{"timestamp":"2026-08-30T22:53:09.694340","level":"info","event":"Pushing xcom","ti":"RuntimeTaskInstance(id=UUID('01a054df-d40d-75b5-a689-d55411ea8be5'), task_id='dbt_run', dag_id='fake_news_etl_pipeline', run_id='scheduled__2026-08-30T00:00:00+00:00', try_number=1, map_index=-1, hostname='0005486c4d5f', context_carrier=None, task=<Task(BashOperator): dbt_run>, bundle_instance=LocalDagBundle(name=dags-folder), max_tries=0, start_date=datetime.datetime(2026, 8, 30, 22, 52, 54, 415182, tzinfo=datetime.timezone.utc), end_date=None, state=<TaskInstanceState.RUNNING: 'running'>, is_mapped=False, rendered_map_index=None, log_url='http://localhost:8080/dags/fake_news_etl_pipeline/runs/scheduled__2026-08-30T00%3A00%3A00%2B00%3A00/tasks/dbt_run?try_number=1')","logger":"task"}
